\pset null _null_
select *
  from datalink.dl_space('/etc');
 space_id | base_path | prefix | archive_path 
----------+-----------+--------+--------------
   _null_ | _null_    | _null_ | _null_
(1 row)

  
select *
  from datalink.dl_space('/tmp/');
 space_id | base_path | prefix | archive_path 
----------+-----------+--------+--------------
        1 | /tmp      | _null_ | _null_
(1 row)

  
select *
  from datalink.dl_space('/tmp/zzzz');
 space_id | base_path | prefix | archive_path 
----------+-----------+--------+--------------
        1 | /tmp      | _null_ | _null_
(1 row)

  
  
